[
  [
    "sleeknotestaticcontent.sleeknote.com",
    [
      1039583
    ]
  ],
  [
    "||js.driftt.com/include$script",
    [
      1039584
    ]
  ],
  [
    "||assets.ubembed.com/universal$script",
    [
      1039585
    ]
  ],
  [
    "||lightboxcdn.com/vendor$script",
    [
      1039586
    ]
  ],
  [
    "||mailocator.net/_/$script",
    [
      1039587
    ]
  ],
  [
    "cdn1.pdmntn.com",
    [
      1039588
    ]
  ],
  [
    "||static.mailerlite.com/js$script",
    [
      1039589
    ]
  ],
  [
    "||pmdstatic.net/bundle.php$script",
    [
      1039590
    ]
  ],
  [
    "||front.optimonk.com/public/$script",
    [
      1039591
    ]
  ],
  [
    "/wp-content/plugins/newsletter-leads",
    [
      1039592
    ]
  ],
  [
    "||downloads.mailchimp.com/js/signup-forms$script",
    [
      1039593
    ]
  ],
  [
    "||conduit.mailchimpapp.com/js/stores$script",
    [
      1039594
    ]
  ],
  [
    "||a.optmnstr.com/app/js/$script",
    [
      1039595
    ]
  ],
  [
    "||getsocial.io/client$script",
    [
      1039596
    ]
  ],
  [
    "||static.ctctcdn.com/js/signup-form-widget$script,domain=~centerforhealthsecurity.org",
    [
      1039597
    ]
  ],
  [
    "||cdn.justuno.com/mwgt$script",
    [
      1039598
    ]
  ],
  [
    "||a.mailmunch.co/app/$script",
    [
      1039599
    ]
  ],
  [
    "/newsletterPopup.js",
    [
      1039600
    ]
  ],
  [
    "/pmgnews/overlay/newsletter",
    [
      1039601
    ]
  ],
  [
    "||dotmailer-surveys.com/scripts/survey.js$script",
    [
      1039602
    ]
  ],
  [
    "||yieldify.com/yieldify/code.js$script",
    [
      1039603
    ]
  ],
  [
    "||widget.privy.com/assets/widget.js$script",
    [
      1039604
    ]
  ],
  [
    "sumo.b-cdn.net",
    [
      1039605
    ]
  ],
  [
    "||connect.nosto.com/include$script",
    [
      1039606
    ]
  ],
  [
    "||chimpstatic.com/mcjs-connected/js/users$script",
    [
      1039607
    ]
  ],
  [
    "||assets.pcrl.co/js/$script",
    [
      1039608
    ]
  ],
  [
    "/wp-content/plugins/email-subscribers/widget/es-widget-page.js",
    [
      1039609
    ]
  ],
  [
    "||youlead.pl/Scripts/Dynamic.js$script",
    [
      1039610
    ]
  ],
  [
    "||m8.mailplus.nl/genericservice$script",
    [
      1039611
    ]
  ],
  [
    "||restapi.mailplus.nl/integrationservice$script",
    [
      1039612
    ]
  ],
  [
    "||snrcdn.net/sdk/$script",
    [
      1039613
    ]
  ],
  [
    "||cdn.dynamicyield.com/api$script,domain=~haix.de|~bancofalabella.cl|~gymshark.com",
    [
      1039614
    ]
  ],
  [
    "||static.newsletter2go.com/utils.js$script",
    [
      1039615
    ]
  ],
  [
    "/widget/ecNewsletterPopup/*",
    [
      1039616
    ]
  ],
  [
    "||a.optmstr.com/app/js/$script",
    [
      1039617
    ]
  ],
  [
    "||api.autopilothq.com/anywhere/$script",
    [
      1039618
    ]
  ],
  [
    "||c.salecycle.com/osr/config$script",
    [
      1039619
    ]
  ],
  [
    "/wp-content/plugins/thrive-leads/*$domain=~itnator.net",
    [
      1039620
    ]
  ],
  [
    "/wp-content/plugins/bloom/*",
    [
      1039621
    ]
  ],
  [
    "||js.hsleadflows.net/leadflows.js$script",
    [
      1039622
    ]
  ],
  [
    "/clientlib-newsletter.js",
    [
      1039623
    ]
  ],
  [
    "||c.lytics.io/static/pathfora$script",
    [
      1039624
    ]
  ],
  [
    "email-signup-form-popup.js",
    [
      1039625
    ]
  ],
  [
    "||netpeak.cloud/source/js$script",
    [
      1039626
    ]
  ],
  [
    "||bunting.com/call$script",
    [
      1039627
    ]
  ],
  [
    "||cdn.connectif.cloud/cl1/client-script/$script",
    [
      1039628
    ]
  ],
  [
    "/essb-optin-booster.js",
    [
      1039629
    ]
  ],
  [
    "f.convertkit.com",
    [
      1039630
    ]
  ],
  [
    "api.morningcatch.net",
    [
      1039631
    ]
  ],
  [
    "||shopify.privy.com/widget.js$script",
    [
      1039632
    ]
  ],
  [
    "load.sumo.com",
    [
      1039633
    ]
  ],
  [
    "||cdn.listrakbi.com/scripts/script.js$script",
    [
      1039634
    ]
  ],
  [
    "/wp-content/plugins/dreamgrow-scroll-triggered-box/*",
    [
      1039635
    ]
  ],
  [
    "||d3bo67muzbfgtl.cloudfront.net/edrone$script",
    [
      1039636
    ]
  ],
  [
    "/newsletter_modals.min.",
    [
      1039637
    ]
  ],
  [
    "my.hellobar.com",
    [
      1039638
    ]
  ],
  [
    "||screenpopper.com/s-hub$script",
    [
      1039639
    ]
  ],
  [
    "||static.scarabresearch.com/wpjs$script",
    [
      1039640
    ]
  ],
  [
    "||cdn.swellrewards.com/loader$script",
    [
      1039641
    ]
  ],
  [
    "||lifterpopup.com/js/modal.js$script",
    [
      1039642
    ]
  ],
  [
    "||lpages.co/leadbox$script",
    [
      1039643
    ]
  ],
  [
    "||cdn.crall.io/t/client.js$script",
    [
      1039644
    ]
  ],
  [
    "||a.opmnstr.com/app/js/$script",
    [
      1039645
    ]
  ],
  [
    "||app2.salesmanago.pl/dynamic$script",
    [
      1039646
    ]
  ],
  [
    "||se.monetate.net/js/$script",
    [
      1039647
    ]
  ],
  [
    "||cdn.blueconic.net/hearst.js$script",
    [
      1039648
    ]
  ],
  [
    "/js/website/modal-newsletter~rc-module-newsletter",
    [
      1039649
    ]
  ],
  [
    "||cdn.omniconvert.com/js$script",
    [
      1039650
    ]
  ],
  [
    "||cdn.omniconvert.com/async/js$script",
    [
      1039651
    ]
  ],
  [
    "/frosmo.easy.js",
    [
      1039652
    ]
  ],
  [
    "||static-sb.com/js/sb-tracker.js$script",
    [
      1039653
    ]
  ],
  [
    "||mailmojo.no/sdk.js$script",
    [
      1039654
    ]
  ],
  [
    "/wp-content/popupally-pro-scripts",
    [
      1039655
    ]
  ],
  [
    "||media-inea.ipresso.pl/monitoridentification$script",
    [
      1039656
    ]
  ],
  [
    "/wp-content/plugins/mailoptin/*",
    [
      1039657
    ]
  ],
  [
    "||a.optnmnstr.com/app/js/$script",
    [
      1039658
    ]
  ],
  [
    "||static.popmechanic.ru/service/loader.js$script",
    [
      1039659
    ]
  ],
  [
    "static.zotabox.com",
    [
      1039660
    ]
  ],
  [
    "||marketbeat.com/scripts/modal/affiliatepopup.js$script",
    [
      1039661
    ]
  ],
  [
    "||widget.pico.tools/static/js/bundle.js$script",
    [
      1039662
    ]
  ],
  [
    "||powr.io/powr.js$script",
    [
      1039663
    ]
  ],
  [
    "/wp-content/plugins/layered-popups/*",
    [
      1039664
    ]
  ],
  [
    "/wp-content/plugins/mailchimp-for-wp/*",
    [
      1039665
    ]
  ],
  [
    "||bounceexchange.com/tag$script",
    [
      1039666
    ]
  ],
  [
    "tag.bounceexchange.com",
    [
      1039667
    ]
  ],
  [
    "||leadpages.net/leadboxes/current$script",
    [
      1039668
    ]
  ],
  [
    "||flodesk.com/universal$script",
    [
      1039669
    ]
  ],
  [
    "||activehosted.com/f/embed.php$script,domain=~renegade.global",
    [
      1039670
    ]
  ],
  [
    "/wp-content/plugins/99robots-optin-fire/*",
    [
      1039671
    ]
  ],
  [
    "||getresponse.com/view_webform$script",
    [
      1039672
    ]
  ],
  [
    "/gr-popups$script",
    [
      1039673
    ]
  ],
  [
    "||get.exitintel.com/load.js$script",
    [
      1039674
    ]
  ],
  [
    "/popup-by-supsystic/*",
    [
      1039675
    ]
  ],
  [
    "||cdn.jst.ai/mwgt$script",
    [
      1039676
    ]
  ],
  [
    "||milotree.com/container$script",
    [
      1039677
    ]
  ],
  [
    "/zaius-min.js",
    [
      1039678
    ]
  ],
  [
    "/wp-content/plugins/convertplug/*$~image",
    [
      1039679
    ]
  ],
  [
    "/wp-content/plugins/optin-monster/*",
    [
      1039680
    ]
  ],
  [
    ".wisepops.com/get-loader.js",
    [
      1039681
    ]
  ],
  [
    "api.exponea.com",
    [
      1039682
    ]
  ],
  [
    "/ouibounce.min.js",
    [
      1039683
    ]
  ],
  [
    "||bluecore.com/triggermail$script",
    [
      1039684
    ]
  ],
  [
    "||cloudiq.com/tag$script",
    [
      1039685
    ]
  ],
  [
    "||leadpages.net/leadbars/current/embed.js$script",
    [
      1039686
    ]
  ],
  [
    "||s.sloyalty.com/site_media$script",
    [
      1039687
    ]
  ],
  [
    "||klaviyo.com/onsite/js/vendors~signupForms$script",
    [
      1039688
    ]
  ],
  [
    "/vidstore-popups/assets/public/js/newsletter.min.js",
    [
      1039689
    ]
  ],
  [
    "||app-abd.marketo.com/js$script",
    [
      1039690
    ]
  ],
  [
    "||omappapi.com/app$script",
    [
      1039691
    ]
  ],
  [
    "tag.getdrip.com",
    [
      1039692
    ]
  ],
  [
    "||zoho.com/js/optin$script",
    [
      1039693
    ]
  ],
  [
    "/entries?content_type=staticContentBlock&fields.id=email-capture",
    [
      1039694
    ]
  ],
  [
    "||cloud-iq.com/cartrecovery/store.js$script",
    [
      1039695
    ]
  ],
  [
    "/axnewsletter.js",
    [
      1039696
    ]
  ],
  [
    "/wp-content/plugins/popupally",
    [
      1039697
    ]
  ],
  [
    "api.omappapi.com",
    [
      1039698
    ]
  ],
  [
    "/email-capture/email-capture-",
    [
      1039699
    ]
  ],
  [
    "||californiatimes.com/newsletter-campaign-manager$script",
    [
      1039700
    ]
  ],
  [
    "||quitsnap-blue.com/js/os_engine.js$script",
    [
      1039701
    ]
  ],
  [
    "/wp-content/plugins/convertpro/*",
    [
      1039702
    ]
  ],
  [
    "/wp-content/plugins/optin-revolution/*",
    [
      1039703
    ]
  ],
  [
    "||addthis.com/js/300/addthis_widget.js$script",
    [
      1039704
    ]
  ],
  [
    "api-cis.exponea.com",
    [
      1039705
    ]
  ],
  [
    "||api.traq.li/public/sdk$script",
    [
      1039706
    ]
  ],
  [
    "tracking.retargeting.biz",
    [
      1039707
    ]
  ],
  [
    "ping.contactpigeon.com",
    [
      1039708
    ]
  ],
  [
    "/newsletter-invite.js",
    [
      1039709
    ]
  ],
  [
    "/Action-Subscribe-2019.js",
    [
      1039710
    ]
  ],
  [
    "||convertbox.com/convertbox$script,third-party",
    [
      1039711
    ]
  ],
  [
    "||birdsend.co/assets/static/js/pixel/main.js$script",
    [
      1039712
    ]
  ],
  [
    "||hd.koloo.net/oo.js$script",
    [
      1039713
    ]
  ],
  [
    "||receiptful.com/scripts/shopify.js$script",
    [
      1039714
    ]
  ],
  [
    "t2.netsalesmedia.pl",
    [
      1039715
    ]
  ],
  [
    "content.govdelivery.com",
    [
      1039716
    ]
  ],
  [
    "api.pushnami.com",
    [
      1039717
    ]
  ],
  [
    "/js/deploy/syndicated-newsletter",
    [
      1039718
    ]
  ],
  [
    "||klaviyo.com/onsite/js/signup_forms$script,domain=~ufpro.com|~worldwidestereo.com|~salada.com",
    [
      1039719
    ]
  ],
  [
    "popup.popupsmart.com",
    [
      1039720
    ]
  ],
  [
    "/mol-fe-newsletter-popup/*",
    [
      1039721
    ]
  ],
  [
    "cdn.popt.in",
    [
      1039722
    ]
  ],
  [
    "||data.whizeo.com/widgets$script",
    [
      1039723
    ]
  ],
  [
    "||securedvisit.com/js/sv.js$script",
    [
      1039724
    ]
  ],
  [
    "||dev.visualwebsiteoptimizer.com/j.php$script",
    [
      1039725
    ]
  ],
  [
    "||convertkitqa.com/ckjs$script",
    [
      1039726
    ]
  ],
  [
    "||bounceexchange.com/assets/smart-tag$script",
    [
      1039727
    ]
  ],
  [
    "||adoric-om.com/adoric.js$script",
    [
      1039728
    ]
  ],
  [
    "/wp-content/plugins/woo-coupon-box/*",
    [
      1039729
    ]
  ],
  [
    "forms.convertkit.com",
    [
      1039730
    ]
  ],
  [
    "||convertkit.com/assets^$third-party",
    [
      1039731
    ]
  ],
  [
    "||sdks.automizely.com/conversions$script",
    [
      1039732
    ]
  ],
  [
    "cdn.attn.tv",
    [
      1039733
    ]
  ],
  [
    "||cdn.threadloom.com/ga$script",
    [
      1039734
    ]
  ],
  [
    "/js/website/modal-newsletter",
    [
      1039735
    ]
  ],
  [
    "/exponea.min.js",
    [
      1039736
    ]
  ],
  [
    "||newell.evergage.com/beacon$script",
    [
      1039737
    ]
  ],
  [
    "/evergage.min.js",
    [
      1039738
    ]
  ],
  [
    "/klaviyo_subscribe.js",
    [
      1039739
    ]
  ],
  [
    "||mailcampaigns.nl/interface/popup$script",
    [
      1039740
    ]
  ],
  [
    "/next-gen/dist/NewsletterPopup",
    [
      1039741
    ]
  ],
  [
    "forms.smsbump.com",
    [
      1039742
    ]
  ],
  [
    "/mod_motivatingcoupon/facebox/*",
    [
      1039743
    ]
  ],
  [
    "||static.redeal.se/widget/js/redeal.js$script",
    [
      1039744
    ]
  ],
  [
    "||cdn.optinly.net$third-party",
    [
      1039745
    ]
  ],
  [
    "/rg_smartpopup/*",
    [
      1039746
    ]
  ],
  [
    "/alert/email_subscribe/*",
    [
      1039747
    ]
  ],
  [
    "/arengu-newsletter.js",
    [
      1039748
    ]
  ],
  [
    "/popup-newsletter-$script",
    [
      1039749
    ]
  ],
  [
    "||assets.mailerlite.com^$script",
    [
      1039750
    ]
  ],
  [
    "/ps_emailsubscription.js",
    [
      1039751
    ]
  ],
  [
    "||embedded.wishpondpages.com$third-party,subdocument",
    [
      1039752
    ]
  ],
  [
    "/hs-web-interactive-$third-party,subdocument",
    [
      1039753
    ]
  ],
  [
    "/ht_newsletterpopup",
    [
      1039754
    ]
  ],
  [
    "/avada-popup.min.js",
    [
      1039755
    ]
  ],
  [
    "||connectif.cloud^$third-party",
    [
      1039756
    ]
  ],
  [
    "||tr.vitals.co^$third-party",
    [
      1039757
    ]
  ],
  [
    "||optimove.net^$third-party",
    [
      1039758
    ]
  ],
  [
    "||sail-horizon.com^$third-party",
    [
      1039759
    ]
  ],
  [
    "/assets/section-mailing-popup.",
    [
      1039760
    ]
  ],
  [
    "/kadence-conversions.",
    [
      1039761
    ]
  ],
  [
    "||postscript.io^$third-party",
    [
      1039762
    ]
  ],
  [
    "||getsitecontrol.com^$third-party",
    [
      1039763
    ]
  ],
  [
    "||retargeting.newsmanapp.com^$third-party",
    [
      1039764
    ]
  ],
  [
    "||themarketer.com^$third-party",
    [
      1039765
    ]
  ],
  [
    "NotificationDisclaimerControl.js$domain=vontobel.com",
    [
      1039766
    ]
  ],
  [
    "list-builder.js$domain=wanderlust.co.uk",
    [
      1039767
    ]
  ],
  [
    "/amd_modules/newsletter-hover$domain=webmd.com",
    [
      1039768
    ]
  ],
  [
    "/politica-privacidade/lightbox$domain=toysrus.pt",
    [
      1039769
    ]
  ],
  [
    "/opentag-$domain=jet2.com",
    [
      1039770
    ]
  ],
  [
    "global-lightbox.js$domain=drschollsshoes.com",
    [
      1039771
    ]
  ],
  [
    "/wpp-popup-frontend.js$domain=globalvoices.org",
    [
      1039772
    ]
  ],
  [
    "/email.js$domain=tp-link.com",
    [
      1039773
    ]
  ],
  [
    "||ibt-mail.com/view_webform$script,domain=ibtimes.com",
    [
      1039774
    ]
  ],
  [
    "/lightboxform.js$domain=tips.net",
    [
      1039775
    ]
  ],
  [
    "/esm.js$domain=yamahamotorsports.com",
    [
      1039776
    ]
  ],
  [
    "/aiosp-jsonp.js$domain=kleren.com",
    [
      1039777
    ]
  ],
  [
    "/vol-modal/*$domain=thepaintstore.com",
    [
      1039778
    ]
  ],
  [
    "||imimg.com/js/reqForms.min.js$script,domain=indiamart.com",
    [
      1039779
    ]
  ],
  [
    "try.abtasty.com$domain=leparisien.fr",
    [
      1039780
    ]
  ],
  [
    "/Action-Subscribe$domain=naturalnews.com",
    [
      1039781
    ]
  ],
  [
    "/sharing/popover.js$domain=mymemory.co.uk",
    [
      1039782
    ]
  ],
  [
    "/popup/tsr$domain=superyachtnews.com",
    [
      1039783
    ]
  ],
  [
    "/simpleSignupManager.chunk.js$domain=manning.com",
    [
      1039784
    ]
  ],
  [
    "cdn-promote.weebly.com$domain=weebly.com",
    [
      1039785
    ]
  ],
  [
    "/acquisition-tag.js$domain=latribune.fr",
    [
      1039786
    ]
  ],
  [
    "/pharmapopin/*$domain=pharmasimple.com",
    [
      1039787
    ]
  ],
  [
    "/crm.js$domain=fujifilm-x.com",
    [
      1039788
    ]
  ],
  [
    "/sven_daspopup/*$domain=adler-farbenmeister.com",
    [
      1039789
    ]
  ],
  [
    "/PopupNewsletter/GetLayer$domain=yoox.com",
    [
      1039790
    ]
  ],
  [
    "/emailcollection/*$domain=motorsport.com",
    [
      1039791
    ]
  ],
  [
    "/popoverv2.js*$domain=britishcornershop.co.uk",
    [
      1039792
    ]
  ],
  [
    "/fp-web-flyout-widget.min.js^$domain=getfirepush.com",
    [
      1039793
    ]
  ],
  [
    "/tingle.$domain=arcade1up.com",
    [
      1039794
    ]
  ],
  [
    "||tinypass.com/api/tinypass.min.js^$domain=technologyreview.com",
    [
      1039795
    ]
  ],
  [
    "/SysConsentComponent.js$domain=netpeak.net",
    [
      1039796
    ]
  ],
  [
    "||safetyfirstaid.co.uk/ajx_newsletter",
    [
      1039797
    ]
  ],
  [
    "/uael-modal-popup.$domain=ackerwines.com",
    [
      1039798
    ]
  ],
  [
    "||cdn.p-n.io/pushly$script",
    [
      1039799
    ]
  ],
  [
    "||app3.emlgrid.com/static/sm.js$script",
    [
      1039800
    ]
  ],
  [
    "webpush-desktop.chunk.js",
    [
      1039801
    ]
  ],
  [
    "||push4site.com/Static/Script/$script",
    [
      1039802
    ]
  ],
  [
    "cdn.ghostmonitor.com",
    [
      1039803
    ]
  ],
  [
    "notify.hindustantimes.com",
    [
      1039804
    ]
  ],
  [
    "webpush.interia.pl",
    [
      1039805
    ]
  ],
  [
    ".izooto.com/scripts",
    [
      1039806
    ]
  ],
  [
    "js.pusher.com$domain=~itv.com|~lickd.co|~foliohd.com",
    [
      1039807
    ]
  ],
  [
    "||push-ad.com/integration.php$script",
    [
      1039808
    ]
  ],
  [
    "||cdn.pushassist.com/account/assets/$script",
    [
      1039809
    ]
  ],
  [
    "||gadgets.ndtv.com/static/desktop/js/notification_popup-min.js$script",
    [
      1039810
    ]
  ],
  [
    "pusherism.com",
    [
      1039811
    ]
  ],
  [
    "pushnest.com",
    [
      1039812
    ]
  ],
  [
    "||getpushmonkey.com/sdk/config$script",
    [
      1039813
    ]
  ],
  [
    "||cdn.onesignal.com/sdks$script",
    [
      1039814
    ]
  ],
  [
    "||pushpushgo.com/js$script",
    [
      1039815
    ]
  ],
  [
    "cdn.sendpulse.com$domain=~movie4k.eu",
    [
      1039816
    ]
  ],
  [
    "||salesmanago.pl/static/sm.js$script",
    [
      1039817
    ]
  ],
  [
    "cdn.pushcrew.com",
    [
      1039818
    ]
  ],
  [
    "/streamlined-push-plugin.production.min.js",
    [
      1039819
    ]
  ],
  [
    "app.push-ad.com",
    [
      1039820
    ]
  ],
  [
    "/pushnotification/service-worker-script.js",
    [
      1039821
    ]
  ],
  [
    "/sp-push-worker.js",
    [
      1039822
    ]
  ],
  [
    "95p5qep4aq.com",
    [
      1039823
    ]
  ],
  [
    "||snrcdn.net/sdk/$script",
    [
      1039824
    ]
  ],
  [
    "via.batch.com",
    [
      1039825
    ]
  ],
  [
    "||wonderpush.com/sdk/$script",
    [
      1039826
    ]
  ],
  [
    "clientcdn.pushengage.com",
    [
      1039827
    ]
  ],
  [
    "||web-sdk.urbanairship.com/notify/$script",
    [
      1039828
    ]
  ],
  [
    "api.sociaplus.com",
    [
      1039829
    ]
  ],
  [
    "/plugins/tmx-push/*",
    [
      1039830
    ]
  ],
  [
    "/firebase-messaging.js$domain=~dn.pt|~jn.pt",
    [
      1039831
    ]
  ],
  [
    "pushno.com",
    [
      1039832
    ]
  ],
  [
    "pushwhy.com",
    [
      1039833
    ]
  ],
  [
    "pushame.com",
    [
      1039834
    ]
  ],
  [
    "||voirfilms.ws/sw.js$script",
    [
      1039835
    ]
  ],
  [
    "||siteswithcontent.com/js/push$script",
    [
      1039836
    ]
  ],
  [
    "||cdn.moengage.com/webpush$script",
    [
      1039837
    ]
  ],
  [
    "||brandflow.net/static/general/push-init-code.js$script",
    [
      1039838
    ]
  ],
  [
    "||cleverpush.com/channel/loader$script",
    [
      1039839
    ]
  ],
  [
    "||static.getback.ch/clients$script",
    [
      1039840
    ]
  ],
  [
    "/PushNotifications.",
    [
      1039841
    ]
  ],
  [
    "cdn.pushowl.com",
    [
      1039842
    ]
  ],
  [
    "||accengage.net/pushweb/$script",
    [
      1039843
    ]
  ],
  [
    "||cdn.foxpush.net/sdk/foxpush_SDK$script",
    [
      1039844
    ]
  ],
  [
    "||js.appboycdn.com/web-sdk/$script",
    [
      1039845
    ]
  ],
  [
    "||cdn.taboola.com/libtrc/tmg-network/loader.js$script",
    [
      1039846
    ]
  ],
  [
    "/js/push_subscription.js",
    [
      1039847
    ]
  ],
  [
    "||pushwoosh.com/webpush$script",
    [
      1039848
    ]
  ],
  [
    "push_service-worker.js",
    [
      1039849
    ]
  ],
  [
    "0_ghpush_client.js",
    [
      1039850
    ]
  ],
  [
    "||pastoupt.com/ntfc.php$script",
    [
      1039851
    ]
  ],
  [
    "||pushsar.com/ntfc.php$script",
    [
      1039852
    ]
  ],
  [
    "sdk.jeeng.com",
    [
      1039853
    ]
  ],
  [
    "||d3bo67muzbfgtl.cloudfront.net/edrone$script",
    [
      1039854
    ]
  ],
  [
    "||admessage.support/system_domain.js$script",
    [
      1039855
    ]
  ],
  [
    "/push/js/sdk/insider-push-native-sdk.js",
    [
      1039856
    ]
  ],
  [
    "pharance.com",
    [
      1039857
    ]
  ],
  [
    "||pushance.com/ntfc.php$script",
    [
      1039858
    ]
  ],
  [
    "||tattepush.com/push.js$script",
    [
      1039859
    ]
  ],
  [
    ".contentsitesrv.com/js/push",
    [
      1039860
    ]
  ],
  [
    "||jattepush.com/push.js$script",
    [
      1039861
    ]
  ],
  [
    "||pushanert.com/ntfc.php$script",
    [
      1039862
    ]
  ],
  [
    "/web-push/init.min.js$domain=~finanzen.ch|~finanzen.net|~finanzen.at",
    [
      1039863
    ]
  ],
  [
    "||aimtell.com/trackpush/trackpush.min.js$script",
    [
      1039864
    ]
  ],
  [
    "||hmcfront.akamaized.net/hd/extra/assets/www/notification.$script",
    [
      1039865
    ]
  ],
  [
    "/webpush.js",
    [
      1039866
    ]
  ],
  [
    "||youlead.pl/ylwebpush.js$script",
    [
      1039867
    ]
  ],
  [
    "push.delivery.ethinking.de",
    [
      1039868
    ]
  ],
  [
    "/web-push.js",
    [
      1039869
    ]
  ],
  [
    "||freeclick.me/?pu=$script",
    [
      1039870
    ]
  ],
  [
    "||cdn.pushalert.co/integrate$script",
    [
      1039871
    ]
  ],
  [
    "||cdn.gravitec.net/storage$script",
    [
      1039872
    ]
  ],
  [
    ".izooto.com/optin",
    [
      1039873
    ]
  ],
  [
    "cdn.qgraph.io",
    [
      1039874
    ]
  ],
  [
    "sw.wpush.org",
    [
      1039875
    ]
  ],
  [
    "||cdn.pn.vg/c/ig/pushnews.min.js$script",
    [
      1039876
    ]
  ],
  [
    "||subscribers.com/assets/subscribers.js$script",
    [
      1039877
    ]
  ],
  [
    "/webpush-loader.js",
    [
      1039878
    ]
  ],
  [
    "app.wigzo.com",
    [
      1039879
    ]
  ],
  [
    "app.getbeamer.com",
    [
      1039880
    ]
  ],
  [
    "api.signalize.com",
    [
      1039881
    ]
  ],
  [
    "cdn.letreach.com",
    [
      1039882
    ]
  ],
  [
    "gg.faromen.online",
    [
      1039883
    ]
  ],
  [
    "/js/webpushr.app",
    [
      1039884
    ]
  ],
  [
    "||pushwoosh.com/json$script",
    [
      1039885
    ]
  ],
  [
    "||pushpushgo.com/scripts$script",
    [
      1039886
    ]
  ],
  [
    "||hrbpark.bid/pushJs$script",
    [
      1039887
    ]
  ],
  [
    "||webpushs.com/js/push$script",
    [
      1039888
    ]
  ],
  [
    "wwopenclick.space",
    [
      1039889
    ]
  ],
  [
    "iss.shopimind.com",
    [
      1039890
    ]
  ],
  [
    "||cdn.pn.vg/push$script",
    [
      1039891
    ]
  ],
  [
    "/webpush-production.js",
    [
      1039892
    ]
  ],
  [
    "cdn.notifyvisitors.com",
    [
      1039893
    ]
  ],
  [
    "||cdn.webpushr.com/app$script",
    [
      1039894
    ]
  ],
  [
    "t2.netsalesmedia.pl",
    [
      1039895
    ]
  ],
  [
    "api.pushnami.com",
    [
      1039896
    ]
  ],
  [
    "/OneSignalSDK",
    [
      1039897
    ]
  ],
  [
    "||aswpsdkus.com/notify$script",
    [
      1039898
    ]
  ],
  [
    "/web-push-notification.js",
    [
      1039899
    ]
  ],
  [
    "/nano-webpush-ui",
    [
      1039900
    ]
  ],
  [
    "cdn.pushmaster-cdn.xyz",
    [
      1039901
    ]
  ],
  [
    "cdn.netmera-web.com",
    [
      1039902
    ]
  ],
  [
    "/smio-push-notification/*",
    [
      1039903
    ]
  ],
  [
    "/BildirtSDKfiles.js",
    [
      1039904
    ]
  ],
  [
    "cdn.onepush.app",
    [
      1039905
    ]
  ],
  [
    "||truepush.com/sdk$script",
    [
      1039906
    ]
  ],
  [
    "||assets.emarsys.net/web-emarsys-sdk/*$script",
    [
      1039907
    ]
  ],
  [
    "||notifpush.com/scripts$script",
    [
      1039908
    ]
  ],
  [
    "||js.smct.io/*/notifications*$script",
    [
      1039909
    ]
  ],
  [
    "push/push*$script",
    [
      1039910
    ]
  ],
  [
    "||pushwoosh.com^",
    [
      1039911
    ]
  ],
  [
    "/pushnotifications^",
    [
      1039912
    ]
  ],
  [
    "||sendsay.ru/backend/push/*",
    [
      1039913
    ]
  ],
  [
    "/social_push_notifications/*",
    [
      1039914
    ]
  ],
  [
    "||pushpanda.io^$third-party",
    [
      1039915
    ]
  ],
  [
    "||potisni.me/js/enable-push.js$third-party",
    [
      1039916
    ]
  ],
  [
    "/_pushAllow.js",
    [
      1039917
    ]
  ],
  [
    "/clevertap.min.js",
    [
      1039918
    ]
  ],
  [
    "plugins/tfnotifier-wp/*",
    [
      1039919
    ]
  ],
  [
    "messaging/webpush*",
    [
      1039920
    ]
  ],
  [
    "/service-webpush-firebase.js",
    [
      1039921
    ]
  ],
  [
    "/js/push.js",
    [
      1039922
    ]
  ],
  [
    "/notification.*.js$domain=~qudosbank.com.au|~myhealth.va.gov|~costco.ca|~costco.com",
    [
      1039923
    ]
  ],
  [
    "@@||notification.dmm.co.jp$script",
    [
      1039924
    ]
  ],
  [
    "||notix.io^$third-party",
    [
      1039925
    ]
  ],
  [
    "||pushouse.com^$third-party",
    [
      1039926
    ]
  ],
  [
    "||yottlyscript.com/push/*",
    [
      1039927
    ]
  ],
  [
    "/wzrk_dialog.min.js",
    [
      1039928
    ]
  ],
  [
    "||gr-cdn-e.eu/*/push-notification^$script",
    [
      1039929
    ]
  ],
  [
    "||dengage.com^$third-party",
    [
      1039930
    ]
  ],
  [
    "||larapush.com^$third-party",
    [
      1039931
    ]
  ],
  [
    "/sw.js$domain=pinterest.com",
    [
      1039932
    ]
  ],
  [
    "/public/spartanien/js/sw_handler$domain=spartanien.de",
    [
      1039933
    ]
  ],
  [
    "/pushes/notification.js$domain=rt.com",
    [
      1039934
    ]
  ],
  [
    "/js/subscriber$domain=mitula.pt",
    [
      1039935
    ]
  ],
  [
    "/firebase.js$domain=alibaba.com",
    [
      1039936
    ]
  ],
  [
    "/sw.js$domain=1337x.is",
    [
      1039937
    ]
  ],
  [
    "/sw.js$domain=1337x.to",
    [
      1039938
    ]
  ],
  [
    "/push-main-min.js$domain=ndtv.com",
    [
      1039939
    ]
  ],
  [
    "/js/adNotice.js$domain=hardwarezone.com.sg",
    [
      1039940
    ]
  ],
  [
    "/push/*$domain=tut.by",
    [
      1039941
    ]
  ],
  [
    "/firebase.min.js$domain=azoresgetaways.com",
    [
      1039942
    ]
  ],
  [
    "/firebase.js$domain=tribunavalladolid.com",
    [
      1039943
    ]
  ],
  [
    "client-.js$domain=hoerbuch.us",
    [
      1039944
    ]
  ],
  [
    "/js/a.js$domain=allevents.in",
    [
      1039945
    ]
  ],
  [
    "notifi.min.js$domain=antyradio.pl",
    [
      1039946
    ]
  ],
  [
    "/app.js$domain=lightinthebox.com",
    [
      1039947
    ]
  ],
  [
    "/min/js/sw/*$domain=sputniknews.com",
    [
      1039948
    ]
  ],
  [
    "/clientt.js$domain=cript.to",
    [
      1039949
    ]
  ],
  [
    "wsNotification.js$domain=wondershare.com",
    [
      1039950
    ]
  ],
  [
    "||tags.tiqcdn.com/utag$script,domain=national-lottery.co.uk",
    [
      1039951
    ]
  ],
  [
    "/notification-topics.js^$domain=winnipegfreepress.com",
    [
      1039952
    ]
  ],
  [
    "nebula-cdn.kampyle.com",
    [
      1039953
    ]
  ],
  [
    "||turbo.qualaroo.com/c.js$script",
    [
      1039954
    ]
  ],
  [
    "||scripts.psyma.com/layer_question$script",
    [
      1039955
    ]
  ],
  [
    "w.usabilla.com",
    [
      1039956
    ]
  ],
  [
    "||static.hotjar.com/c/hotjar$script",
    [
      1039957
    ]
  ],
  [
    "||scripts.psyma.com/html/layer/json_question.php$script",
    [
      1039958
    ]
  ],
  [
    "||visualwebsiteoptimizer.com/va_survey$script",
    [
      1039959
    ]
  ],
  [
    "gateway.answerscloud.com",
    [
      1039960
    ]
  ],
  [
    "st.getsitecontrol.com",
    [
      1039961
    ]
  ],
  [
    "||survey.g.doubleclick.net/survey$script",
    [
      1039962
    ]
  ],
  [
    "/opiniac.js",
    [
      1039963
    ]
  ],
  [
    "||ssl.ceneo.pl/shops/$script",
    [
      1039964
    ]
  ],
  [
    "||cloud.netquest.sk/scripts/widget$script",
    [
      1039965
    ]
  ],
  [
    "||storage.googleapis.com/outfox/ocs/surveys/$script",
    [
      1039966
    ]
  ],
  [
    "||kameleoon.eu/kameleoon.js$script",
    [
      1039967
    ]
  ],
  [
    "||invitation.opinionbar.com/wit/popups$script",
    [
      1039968
    ]
  ],
  [
    "||neads.delivery/opinion-seed-embed.js$script",
    [
      1039969
    ]
  ],
  [
    "||collect.mopinion.com/assets/surveys/$script",
    [
      1039970
    ]
  ],
  [
    "/runtimejs/dist/survey/js/survey.js$domain=~alchemer.eu",
    [
      1039971
    ]
  ],
  [
    "||surveygizmobeacon.s3.amazonaws.com/beaconconfigs/$script",
    [
      1039972
    ]
  ],
  [
    "||cpx.smind.hr/Log/LogData$script",
    [
      1039973
    ]
  ],
  [
    "||widget.surveymonkey.com/collect$script,domain=~onboarding.italki.com",
    [
      1039974
    ]
  ],
  [
    "||cdn.feedbackify.com/f.js$script",
    [
      1039975
    ]
  ],
  [
    "||invitation.opinionbar.com/popups$script",
    [
      1039976
    ]
  ],
  [
    "/bundles/Scripts/OpinionLab.js",
    [
      1039977
    ]
  ],
  [
    "||survey.nuggad.net/c/layer-html$script",
    [
      1039978
    ]
  ],
  [
    "||ips-invite.iperceptions.com/invitations$script",
    [
      1039979
    ]
  ],
  [
    "/oo_engine.min.js",
    [
      1039980
    ]
  ],
  [
    "||userzoom.com/feedback$script",
    [
      1039981
    ]
  ],
  [
    "||invite.leanlab.co/invite/invite.js$script",
    [
      1039982
    ]
  ],
  [
    "||userreport.com/newsquest/launcher.js$script",
    [
      1039983
    ]
  ],
  [
    "siteintercept.qualtrics.com",
    [
      1039984
    ]
  ],
  [
    "||sandsiv.com/digi_runner.js?surveyId$script",
    [
      1039985
    ]
  ],
  [
    "||digitalfeedback.euro.confirmit.com/api$script",
    [
      1039986
    ]
  ],
  [
    "||taskanalytics.com/tm.js$script",
    [
      1039987
    ]
  ],
  [
    "popup.designtutkimus.fi",
    [
      1039988
    ]
  ],
  [
    "||guitaretab.com/static/js/hats$script",
    [
      1039989
    ]
  ],
  [
    "/v1/survey_invite.min.js",
    [
      1039990
    ]
  ],
  [
    "||app.alpheid.com/js/marketing_automation$script",
    [
      1039991
    ]
  ],
  [
    "||siteimproveanalytics.com/js/siteanalyze$script",
    [
      1039992
    ]
  ],
  [
    "||cdn.judge.me/shopify_v2.js$script",
    [
      1039993
    ]
  ],
  [
    "||static.yourcx.io/customers$script",
    [
      1039994
    ]
  ],
  [
    "||webankieta.pl/scripts/widget$script",
    [
      1039995
    ]
  ],
  [
    "popin.survey-xact.dk",
    [
      1039996
    ]
  ],
  [
    "||myaudience.de/sv/rifflejs.php$script",
    [
      1039997
    ]
  ],
  [
    "||survey.survicate.com/workspaces$script",
    [
      1039998
    ]
  ],
  [
    "||tryinteract.com/promotions/init.js$script",
    [
      1039999
    ]
  ],
  [
    "||scripts.psyma.com/scripts$script",
    [
      1040000
    ]
  ],
  [
    "||surveygizmo.eu/runtimejs/intercept$script",
    [
      1040001
    ]
  ],
  [
    "widgets.opinary.com",
    [
      1040002
    ]
  ],
  [
    "||uxfeedback.ru/widget.js$script",
    [
      1040003
    ]
  ],
  [
    "||e-satisfaction.com/dist/js/integration$script",
    [
      1040004
    ]
  ],
  [
    "||gateway.foresee.com$third-party",
    [
      1040005
    ]
  ],
  [
    "/vendor/opinionlab/*$domain=lenovo.com",
    [
      1040006
    ]
  ],
  [
    "survey.js$domain=medier24.no",
    [
      1040007
    ]
  ],
  [
    "/components-nps-survey$domain=spanishdict.com",
    [
      1040008
    ]
  ],
  [
    "ExitIntentModal.js$domain=stepstone.de",
    [
      1040009
    ]
  ],
  [
    "/surveys/*$domain=europa.eu",
    [
      1040010
    ]
  ],
  [
    "||visitor.reactful.com/dist/main$script",
    [
      1040011
    ]
  ],
  [
    "/popup/puppy.js$domain=sueddeutsche.de",
    [
      1040012
    ]
  ],
  [
    "||userreport.com/aperitif/launcher.js",
    [
      1040013
    ]
  ],
  [
    "||apps.veedio.it/js/videobox$script",
    [
      1040014
    ]
  ],
  [
    "/responsive-player/video-feature-sticky.js",
    [
      1040015
    ]
  ],
  [
    "||s-pt.ppstatic.pl/p/js/regionalne/plywajace_wideo.js$script",
    [
      1040016
    ]
  ],
  [
    "/js/compiled/atoms/article/sticky-video.js",
    [
      1040017
    ]
  ],
  [
    "||sdk.digitalbees.it/jssdk.js$script",
    [
      1040018
    ]
  ],
  [
    "||live.sekindo.com/live/liveView.php$script",
    [
      1040019
    ]
  ],
  [
    "||c.jsrdn.com/s/cs.js$script",
    [
      1040020
    ]
  ],
  [
    "||playwire.com/plugins/docky.min.js$script",
    [
      1040021
    ]
  ],
  [
    "||cdn.connatix.com/min/connatix.renderer.infeed.min.js$script",
    [
      1040022
    ]
  ],
  [
    "||ultimedia.com/api/widget/smart$script",
    [
      1040023
    ]
  ],
  [
    "||stream.playbuzz.com/embed/sdk.js$script",
    [
      1040024
    ]
  ],
  [
    "||delivery.youplay.se/load.js$script",
    [
      1040025
    ]
  ],
  [
    "embed.sendtonews.com",
    [
      1040026
    ]
  ],
  [
    "/wp-content/plugins/pmc-plugins/pmc-adm/*",
    [
      1040027
    ]
  ],
  [
    "||services.brid.tv/player$script",
    [
      1040028
    ]
  ],
  [
    "||mgid.com/js/wglibs/mgWidget$script",
    [
      1040029
    ]
  ],
  [
    "/stn-player.js$domain=titantv.com",
    [
      1040030
    ]
  ],
  [
    "||vplayer.enthusiastgaming.com/player/build/plugins/slideinview/*",
    [
      1040031
    ]
  ],
  [
    "/mol-adverts-delayed.js$domain=dailymail.co.uk",
    [
      1040032
    ]
  ],
  [
    "/twocol_article_autoplay/*$domain=belfasttelegraph.co.uk",
    [
      1040033
    ]
  ],
  [
    "players.brightcove.net$domain=uproxx.com",
    [
      1040034
    ]
  ],
  [
    "/coronaWidget5/*$domain=ibtimes.sg",
    [
      1040035
    ]
  ]
]